// Jest Snapshot v1, https://goo.gl/fbAQLP

exports[`Education Component Should render without crashing 1`] = `
<section
  className="resume-section p-3 p-lg-5 d-flex align-items-center"
  id="education"
>
  <div
    className="w-100"
  >
    <h2
      className="mb-5"
    >
      Education
    </h2>
    <div
      className="resume-item d-flex flex-column flex-md-row justify-content-between mb-5"
    >
      <div
        className="resume-content"
      >
        <h3
          className="mb-0"
        >
          Navitas Professionals
        </h3>
        <div
          className="subheading mb-3"
        >
          Professional Year Program in Computer Science
        </div>
        <div>
          incl. Cert IV in Business
        </div>
      </div>
      <div
        className="resume-date text-md-right"
      >
        <span
          className="text-primary"
        >
          Oct 2016 - Oct 2017
        </span>
      </div>
    </div>
  </div>
</section>
`;
